// Jest Snapshot v1, https://goo.gl/fbAQLP

exports[`should render ProductCatalog component 1`] = `
Object {
  "asFragment": [Function],
  "baseElement": <body>
    <div>
      <div
        class="ant-row product-catalog css-dev-only-do-not-override-yp8pcc"
      >
        <div
          class="ant-col ant-col-24 css-dev-only-do-not-override-yp8pcc"
        >
          <div
            class="ant-row css-dev-only-do-not-override-yp8pcc"
          >
            <div
              class="ant-col ant-col-sm-24 ant-col-md-8 css-dev-only-do-not-override-yp8pcc"
            >
              <div
                class="ant-card ant-card-bordered product-item css-dev-only-do-not-override-yp8pcc"
              >
                <div
                  class="ant-card-cover"
                >
                  <a
                    href="/123"
                  >
                    <img
                      src="bluetooth-speaker.jpg"
                    />
                  </a>
                </div>
                <div
                  class="ant-card-body"
                >
                  <div
                    class="ant-card-meta"
                  >
                    <div
                      class="ant-card-meta-detail"
                    >
                      <div
                        class="ant-card-meta-title"
                      >
                        <div
                          class="product-title"
                        >
                          Bluetooth Speaker
                        </div>
                      </div>
                    </div>
                  </div>
                  <div
                    class="ant-card-meta"
                  >
                    <div
                      class="ant-card-meta-detail"
                    >
                      <div
                        class="ant-card-meta-title"
                      >
                        $123.45
                      </div>
                    </div>
                  </div>
                </div>
                <ul
                  class="ant-card-actions"
                >
                  <li
                    style="width: 50%;"
                  >
                    <span>
                      <span
                        class="product-number"
                      >
                        #
                        1
                      </span>
                    </span>
                  </li>
                  <li
                    style="width: 50%;"
                  >
                    <span>
                      <span
                        aria-label="star"
                        class="anticon anticon-star"
                        role="img"
                        tabindex="-1"
                      >
                        <svg
                          aria-hidden="true"
                          data-icon="star"
                          fill="currentColor"
                          focusable="false"
                          height="1em"
                          viewBox="64 64 896 896"
                          width="1em"
                        >
                          <path
                            d="M908.1 353.1l-253.9-36.9L540.7 86.1c-3.1-6.3-8.2-11.4-14.5-14.5-15.8-7.8-35-1.3-42.9 14.5L369.8 316.2l-253.9 36.9c-7 1-13.4 4.3-18.3 9.3a32.05 32.05 0 00.6 45.3l183.7 179.1-43.4 252.9a31.95 31.95 0 0046.4 33.7L512 754l227.1 119.4c6.2 3.3 13.4 4.4 20.3 3.2 17.4-3 29.1-19.5 26.1-36.9l-43.4-252.9 183.7-179.1c5-4.9 8.3-11.3 9.3-18.3 2.7-17.5-9.5-33.7-27-36.3z"
                          />
                        </svg>
                      </span>
                    </span>
                  </li>
                </ul>
              </div>
            </div>
            <div
              class="ant-col ant-col-sm-24 ant-col-md-8 css-dev-only-do-not-override-yp8pcc"
            >
              <div
                class="ant-card ant-card-bordered product-item css-dev-only-do-not-override-yp8pcc"
              >
                <div
                  class="ant-card-cover"
                >
                  <a
                    href="/234"
                  >
                    <img
                      src="gamepad.jpg"
                    />
                  </a>
                </div>
                <div
                  class="ant-card-body"
                >
                  <div
                    class="ant-card-meta"
                  >
                    <div
                      class="ant-card-meta-detail"
                    >
                      <div
                        class="ant-card-meta-title"
                      >
                        <div
                          class="product-title"
                        >
                          Gamepad
                        </div>
                      </div>
                    </div>
                  </div>
                  <div
                    class="ant-card-meta"
                  >
                    <div
                      class="ant-card-meta-detail"
                    >
                      <div
                        class="ant-card-meta-title"
                      >
                        $234.56
                      </div>
                    </div>
                  </div>
                </div>
                <ul
                  class="ant-card-actions"
                >
                  <li
                    style="width: 50%;"
                  >
                    <span>
                      <span
                        class="product-number"
                      >
                        #
                        2
                      </span>
                    </span>
                  </li>
                  <li
                    style="width: 50%;"
                  >
                    <span>
                      <span
                        aria-label="star"
                        class="anticon anticon-star"
                        role="img"
                        tabindex="-1"
                      >
                        <svg
                          aria-hidden="true"
                          data-icon="star"
                          fill="currentColor"
                          focusable="false"
                          height="1em"
                          viewBox="64 64 896 896"
                          width="1em"
                        >
                          <path
                            d="M908.1 353.1l-253.9-36.9L540.7 86.1c-3.1-6.3-8.2-11.4-14.5-14.5-15.8-7.8-35-1.3-42.9 14.5L369.8 316.2l-253.9 36.9c-7 1-13.4 4.3-18.3 9.3a32.05 32.05 0 00.6 45.3l183.7 179.1-43.4 252.9a31.95 31.95 0 0046.4 33.7L512 754l227.1 119.4c6.2 3.3 13.4 4.4 20.3 3.2 17.4-3 29.1-19.5 26.1-36.9l-43.4-252.9 183.7-179.1c5-4.9 8.3-11.3 9.3-18.3 2.7-17.5-9.5-33.7-27-36.3z"
                          />
                        </svg>
                      </span>
                    </span>
                  </li>
                </ul>
              </div>
            </div>
            <div
              class="ant-col ant-col-sm-24 ant-col-md-8 css-dev-only-do-not-override-yp8pcc"
            >
              <div
                class="ant-card ant-card-bordered product-item css-dev-only-do-not-override-yp8pcc"
              >
                <div
                  class="ant-card-cover"
                >
                  <a
                    href="/345"
                  >
                    <img
                      src="portable-ssd.jpg"
                    />
                  </a>
                </div>
                <div
                  class="ant-card-body"
                >
                  <div
                    class="ant-card-meta"
                  >
                    <div
                      class="ant-card-meta-detail"
                    >
                      <div
                        class="ant-card-meta-title"
                      >
                        <div
                          class="product-title"
                        >
                          Portable SSD
                        </div>
                      </div>
                    </div>
                  </div>
                  <div
                    class="ant-card-meta"
                  >
                    <div
                      class="ant-card-meta-detail"
                    >
                      <div
                        class="ant-card-meta-title"
                      >
                        $345.67
                      </div>
                    </div>
                  </div>
                </div>
                <ul
                  class="ant-card-actions"
                >
                  <li
                    style="width: 50%;"
                  >
                    <span>
                      <span
                        class="product-number"
                      >
                        #
                        3
                      </span>
                    </span>
                  </li>
                  <li
                    style="width: 50%;"
                  >
                    <span>
                      <span
                        aria-label="star"
                        class="anticon anticon-star"
                        role="img"
                        tabindex="-1"
                      >
                        <svg
                          aria-hidden="true"
                          data-icon="star"
                          fill="currentColor"
                          focusable="false"
                          height="1em"
                          viewBox="64 64 896 896"
                          width="1em"
                        >
                          <path
                            d="M908.1 353.1l-253.9-36.9L540.7 86.1c-3.1-6.3-8.2-11.4-14.5-14.5-15.8-7.8-35-1.3-42.9 14.5L369.8 316.2l-253.9 36.9c-7 1-13.4 4.3-18.3 9.3a32.05 32.05 0 00.6 45.3l183.7 179.1-43.4 252.9a31.95 31.95 0 0046.4 33.7L512 754l227.1 119.4c6.2 3.3 13.4 4.4 20.3 3.2 17.4-3 29.1-19.5 26.1-36.9l-43.4-252.9 183.7-179.1c5-4.9 8.3-11.3 9.3-18.3 2.7-17.5-9.5-33.7-27-36.3zM664.8 561.6l36.1 210.3L512 672.7 323.1 772l36.1-210.3-152.8-149L417.6 382 512 190.7 606.4 382l211.2 30.7-152.8 148.9z"
                          />
                        </svg>
                      </span>
                    </span>
                  </li>
                </ul>
              </div>
            </div>
          </div>
          <div
            class="ant-row css-dev-only-do-not-override-yp8pcc"
          >
            <div
              class="ant-col ant-col-sm-24 ant-col-md-8 css-dev-only-do-not-override-yp8pcc"
            >
              <div
                class="ant-card ant-card-bordered product-item css-dev-only-do-not-override-yp8pcc"
              >
                <div
                  class="ant-card-cover"
                >
                  <a
                    href="/456"
                  >
                    <img
                      src="laptop.jpg"
                    />
                  </a>
                </div>
                <div
                  class="ant-card-body"
                >
                  <div
                    class="ant-card-meta"
                  >
                    <div
                      class="ant-card-meta-detail"
                    >
                      <div
                        class="ant-card-meta-title"
                      >
                        <div
                          class="product-title"
                        >
                          Laptop
                        </div>
                      </div>
                    </div>
                  </div>
                  <div
                    class="ant-card-meta"
                  >
                    <div
                      class="ant-card-meta-detail"
                    >
                      <div
                        class="ant-card-meta-title"
                      >
                        $456.78
                      </div>
                    </div>
                  </div>
                </div>
                <ul
                  class="ant-card-actions"
                >
                  <li
                    style="width: 50%;"
                  >
                    <span>
                      <span
                        class="product-number"
                      >
                        #
                        4
                      </span>
                    </span>
                  </li>
                  <li
                    style="width: 50%;"
                  >
                    <span>
                      <span
                        aria-label="star"
                        class="anticon anticon-star"
                        role="img"
                        tabindex="-1"
                      >
                        <svg
                          aria-hidden="true"
                          data-icon="star"
                          fill="currentColor"
                          focusable="false"
                          height="1em"
                          viewBox="64 64 896 896"
                          width="1em"
                        >
                          <path
                            d="M908.1 353.1l-253.9-36.9L540.7 86.1c-3.1-6.3-8.2-11.4-14.5-14.5-15.8-7.8-35-1.3-42.9 14.5L369.8 316.2l-253.9 36.9c-7 1-13.4 4.3-18.3 9.3a32.05 32.05 0 00.6 45.3l183.7 179.1-43.4 252.9a31.95 31.95 0 0046.4 33.7L512 754l227.1 119.4c6.2 3.3 13.4 4.4 20.3 3.2 17.4-3 29.1-19.5 26.1-36.9l-43.4-252.9 183.7-179.1c5-4.9 8.3-11.3 9.3-18.3 2.7-17.5-9.5-33.7-27-36.3zM664.8 561.6l36.1 210.3L512 672.7 323.1 772l36.1-210.3-152.8-149L417.6 382 512 190.7 606.4 382l211.2 30.7-152.8 148.9z"
                          />
                        </svg>
                      </span>
                    </span>
                  </li>
                </ul>
              </div>
            </div>
            <div
              class="ant-col ant-col-sm-24 ant-col-md-8 css-dev-only-do-not-override-yp8pcc"
            >
              <div
                class="ant-card ant-card-bordered product-item css-dev-only-do-not-override-yp8pcc"
              >
                <div
                  class="ant-card-cover"
                >
                  <a
                    href="/567"
                  >
                    <img
                      src="smartwatch.jpg"
                    />
                  </a>
                </div>
                <div
                  class="ant-card-body"
                >
                  <div
                    class="ant-card-meta"
                  >
                    <div
                      class="ant-card-meta-detail"
                    >
                      <div
                        class="ant-card-meta-title"
                      >
                        <div
                          class="product-title"
                        >
                          Smartwatch
                        </div>
                      </div>
                    </div>
                  </div>
                  <div
                    class="ant-card-meta"
                  >
                    <div
                      class="ant-card-meta-detail"
                    >
                      <div
                        class="ant-card-meta-title"
                      >
                        $567.89
                      </div>
                    </div>
                  </div>
                </div>
                <ul
                  class="ant-card-actions"
                >
                  <li
                    style="width: 50%;"
                  >
                    <span>
                      <span
                        class="product-number"
                      >
                        #
                        5
                      </span>
                    </span>
                  </li>
                  <li
                    style="width: 50%;"
                  >
                    <span>
                      <span
                        aria-label="star"
                        class="anticon anticon-star"
                        role="img"
                        tabindex="-1"
                      >
                        <svg
                          aria-hidden="true"
                          data-icon="star"
                          fill="currentColor"
                          focusable="false"
                          height="1em"
                          viewBox="64 64 896 896"
                          width="1em"
                        >
                          <path
                            d="M908.1 353.1l-253.9-36.9L540.7 86.1c-3.1-6.3-8.2-11.4-14.5-14.5-15.8-7.8-35-1.3-42.9 14.5L369.8 316.2l-253.9 36.9c-7 1-13.4 4.3-18.3 9.3a32.05 32.05 0 00.6 45.3l183.7 179.1-43.4 252.9a31.95 31.95 0 0046.4 33.7L512 754l227.1 119.4c6.2 3.3 13.4 4.4 20.3 3.2 17.4-3 29.1-19.5 26.1-36.9l-43.4-252.9 183.7-179.1c5-4.9 8.3-11.3 9.3-18.3 2.7-17.5-9.5-33.7-27-36.3zM664.8 561.6l36.1 210.3L512 672.7 323.1 772l36.1-210.3-152.8-149L417.6 382 512 190.7 606.4 382l211.2 30.7-152.8 148.9z"
                          />
                        </svg>
                      </span>
                    </span>
                  </li>
                </ul>
              </div>
            </div>
            <div
              class="ant-col ant-col-sm-24 ant-col-md-8 css-dev-only-do-not-override-yp8pcc"
            >
              <div
                class="ant-card ant-card-bordered product-item css-dev-only-do-not-override-yp8pcc"
              >
                <div
                  class="ant-card-cover"
                >
                  <a
                    href="/678"
                  >
                    <img
                      src="wireless-headphones.jpg"
                    />
                  </a>
                </div>
                <div
                  class="ant-card-body"
                >
                  <div
                    class="ant-card-meta"
                  >
                    <div
                      class="ant-card-meta-detail"
                    >
                      <div
                        class="ant-card-meta-title"
                      >
                        <div
                          class="product-title"
                        >
                          Wireless Headphones
                        </div>
                      </div>
                    </div>
                  </div>
                  <div
                    class="ant-card-meta"
                  >
                    <div
                      class="ant-card-meta-detail"
                    >
                      <div
                        class="ant-card-meta-title"
                      >
                        $678.9
                      </div>
                    </div>
                  </div>
                </div>
                <ul
                  class="ant-card-actions"
                >
                  <li
                    style="width: 50%;"
                  >
                    <span>
                      <span
                        class="product-number"
                      >
                        #
                        6
                      </span>
                    </span>
                  </li>
                  <li
                    style="width: 50%;"
                  >
                    <span>
                      <span
                        aria-label="star"
                        class="anticon anticon-star"
                        role="img"
                        tabindex="-1"
                      >
                        <svg
                          aria-hidden="true"
                          data-icon="star"
                          fill="currentColor"
                          focusable="false"
                          height="1em"
                          viewBox="64 64 896 896"
                          width="1em"
                        >
                          <path
                            d="M908.1 353.1l-253.9-36.9L540.7 86.1c-3.1-6.3-8.2-11.4-14.5-14.5-15.8-7.8-35-1.3-42.9 14.5L369.8 316.2l-253.9 36.9c-7 1-13.4 4.3-18.3 9.3a32.05 32.05 0 00.6 45.3l183.7 179.1-43.4 252.9a31.95 31.95 0 0046.4 33.7L512 754l227.1 119.4c6.2 3.3 13.4 4.4 20.3 3.2 17.4-3 29.1-19.5 26.1-36.9l-43.4-252.9 183.7-179.1c5-4.9 8.3-11.3 9.3-18.3 2.7-17.5-9.5-33.7-27-36.3zM664.8 561.6l36.1 210.3L512 672.7 323.1 772l36.1-210.3-152.8-149L417.6 382 512 190.7 606.4 382l211.2 30.7-152.8 148.9z"
                          />
                        </svg>
                      </span>
                    </span>
                  </li>
                </ul>
              </div>
            </div>
          </div>
        </div>
      </div>
    </div>
  </body>,
  "container": <div>
    <div
      class="ant-row product-catalog css-dev-only-do-not-override-yp8pcc"
    >
      <div
        class="ant-col ant-col-24 css-dev-only-do-not-override-yp8pcc"
      >
        <div
          class="ant-row css-dev-only-do-not-override-yp8pcc"
        >
          <div
            class="ant-col ant-col-sm-24 ant-col-md-8 css-dev-only-do-not-override-yp8pcc"
          >
            <div
              class="ant-card ant-card-bordered product-item css-dev-only-do-not-override-yp8pcc"
            >
              <div
                class="ant-card-cover"
              >
                <a
                  href="/123"
                >
                  <img
                    src="bluetooth-speaker.jpg"
                  />
                </a>
              </div>
              <div
                class="ant-card-body"
              >
                <div
                  class="ant-card-meta"
                >
                  <div
                    class="ant-card-meta-detail"
                  >
                    <div
                      class="ant-card-meta-title"
                    >
                      <div
                        class="product-title"
                      >
                        Bluetooth Speaker
                      </div>
                    </div>
                  </div>
                </div>
                <div
                  class="ant-card-meta"
                >
                  <div
                    class="ant-card-meta-detail"
                  >
                    <div
                      class="ant-card-meta-title"
                    >
                      $123.45
                    </div>
                  </div>
                </div>
              </div>
              <ul
                class="ant-card-actions"
              >
                <li
                  style="width: 50%;"
                >
                  <span>
                    <span
                      class="product-number"
                    >
                      #
                      1
                    </span>
                  </span>
                </li>
                <li
                  style="width: 50%;"
                >
                  <span>
                    <span
                      aria-label="star"
                      class="anticon anticon-star"
                      role="img"
                      tabindex="-1"
                    >
                      <svg
                        aria-hidden="true"
                        data-icon="star"
                        fill="currentColor"
                        focusable="false"
                        height="1em"
                        viewBox="64 64 896 896"
                        width="1em"
                      >
                        <path
                          d="M908.1 353.1l-253.9-36.9L540.7 86.1c-3.1-6.3-8.2-11.4-14.5-14.5-15.8-7.8-35-1.3-42.9 14.5L369.8 316.2l-253.9 36.9c-7 1-13.4 4.3-18.3 9.3a32.05 32.05 0 00.6 45.3l183.7 179.1-43.4 252.9a31.95 31.95 0 0046.4 33.7L512 754l227.1 119.4c6.2 3.3 13.4 4.4 20.3 3.2 17.4-3 29.1-19.5 26.1-36.9l-43.4-252.9 183.7-179.1c5-4.9 8.3-11.3 9.3-18.3 2.7-17.5-9.5-33.7-27-36.3z"
                        />
                      </svg>
                    </span>
                  </span>
                </li>
              </ul>
            </div>
          </div>
          <div
            class="ant-col ant-col-sm-24 ant-col-md-8 css-dev-only-do-not-override-yp8pcc"
          >
            <div
              class="ant-card ant-card-bordered product-item css-dev-only-do-not-override-yp8pcc"
            >
              <div
                class="ant-card-cover"
              >
                <a
                  href="/234"
                >
                  <img
                    src="gamepad.jpg"
                  />
                </a>
              </div>
              <div
                class="ant-card-body"
              >
                <div
                  class="ant-card-meta"
                >
                  <div
                    class="ant-card-meta-detail"
                  >
                    <div
                      class="ant-card-meta-title"
                    >
                      <div
                        class="product-title"
                      >
                        Gamepad
                      </div>
                    </div>
                  </div>
                </div>
                <div
                  class="ant-card-meta"
                >
                  <div
                    class="ant-card-meta-detail"
                  >
                    <div
                      class="ant-card-meta-title"
                    >
                      $234.56
                    </div>
                  </div>
                </div>
              </div>
              <ul
                class="ant-card-actions"
              >
                <li
                  style="width: 50%;"
                >
                  <span>
                    <span
                      class="product-number"
                    >
                      #
                      2
                    </span>
                  </span>
                </li>
                <li
                  style="width: 50%;"
                >
                  <span>
                    <span
                      aria-label="star"
                      class="anticon anticon-star"
                      role="img"
                      tabindex="-1"
                    >
                      <svg
                        aria-hidden="true"
                        data-icon="star"
                        fill="currentColor"
                        focusable="false"
                        height="1em"
                        viewBox="64 64 896 896"
                        width="1em"
                      >
                        <path
                          d="M908.1 353.1l-253.9-36.9L540.7 86.1c-3.1-6.3-8.2-11.4-14.5-14.5-15.8-7.8-35-1.3-42.9 14.5L369.8 316.2l-253.9 36.9c-7 1-13.4 4.3-18.3 9.3a32.05 32.05 0 00.6 45.3l183.7 179.1-43.4 252.9a31.95 31.95 0 0046.4 33.7L512 754l227.1 119.4c6.2 3.3 13.4 4.4 20.3 3.2 17.4-3 29.1-19.5 26.1-36.9l-43.4-252.9 183.7-179.1c5-4.9 8.3-11.3 9.3-18.3 2.7-17.5-9.5-33.7-27-36.3z"
                        />
                      </svg>
                    </span>
                  </span>
                </li>
              </ul>
            </div>
          </div>
          <div
            class="ant-col ant-col-sm-24 ant-col-md-8 css-dev-only-do-not-override-yp8pcc"
          >
            <div
              class="ant-card ant-card-bordered product-item css-dev-only-do-not-override-yp8pcc"
            >
              <div
                class="ant-card-cover"
              >
                <a
                  href="/345"
                >
                  <img
                    src="portable-ssd.jpg"
                  />
                </a>
              </div>
              <div
                class="ant-card-body"
              >
                <div
                  class="ant-card-meta"
                >
                  <div
                    class="ant-card-meta-detail"
                  >
                    <div
                      class="ant-card-meta-title"
                    >
                      <div
                        class="product-title"
                      >
                        Portable SSD
                      </div>
                    </div>
                  </div>
                </div>
                <div
                  class="ant-card-meta"
                >
                  <div
                    class="ant-card-meta-detail"
                  >
                    <div
                      class="ant-card-meta-title"
                    >
                      $345.67
                    </div>
                  </div>
                </div>
              </div>
              <ul
                class="ant-card-actions"
              >
                <li
                  style="width: 50%;"
                >
                  <span>
                    <span
                      class="product-number"
                    >
                      #
                      3
                    </span>
                  </span>
                </li>
                <li
                  style="width: 50%;"
                >
                  <span>
                    <span
                      aria-label="star"
                      class="anticon anticon-star"
                      role="img"
                      tabindex="-1"
                    >
                      <svg
                        aria-hidden="true"
                        data-icon="star"
                        fill="currentColor"
                        focusable="false"
                        height="1em"
                        viewBox="64 64 896 896"
                        width="1em"
                      >
                        <path
                          d="M908.1 353.1l-253.9-36.9L540.7 86.1c-3.1-6.3-8.2-11.4-14.5-14.5-15.8-7.8-35-1.3-42.9 14.5L369.8 316.2l-253.9 36.9c-7 1-13.4 4.3-18.3 9.3a32.05 32.05 0 00.6 45.3l183.7 179.1-43.4 252.9a31.95 31.95 0 0046.4 33.7L512 754l227.1 119.4c6.2 3.3 13.4 4.4 20.3 3.2 17.4-3 29.1-19.5 26.1-36.9l-43.4-252.9 183.7-179.1c5-4.9 8.3-11.3 9.3-18.3 2.7-17.5-9.5-33.7-27-36.3zM664.8 561.6l36.1 210.3L512 672.7 323.1 772l36.1-210.3-152.8-149L417.6 382 512 190.7 606.4 382l211.2 30.7-152.8 148.9z"
                        />
                      </svg>
                    </span>
                  </span>
                </li>
              </ul>
            </div>
          </div>
        </div>
        <div
          class="ant-row css-dev-only-do-not-override-yp8pcc"
        >
          <div
            class="ant-col ant-col-sm-24 ant-col-md-8 css-dev-only-do-not-override-yp8pcc"
          >
            <div
              class="ant-card ant-card-bordered product-item css-dev-only-do-not-override-yp8pcc"
            >
              <div
                class="ant-card-cover"
              >
                <a
                  href="/456"
                >
                  <img
                    src="laptop.jpg"
                  />
                </a>
              </div>
              <div
                class="ant-card-body"
              >
                <div
                  class="ant-card-meta"
                >
                  <div
                    class="ant-card-meta-detail"
                  >
                    <div
                      class="ant-card-meta-title"
                    >
                      <div
                        class="product-title"
                      >
                        Laptop
                      </div>
                    </div>
                  </div>
                </div>
                <div
                  class="ant-card-meta"
                >
                  <div
                    class="ant-card-meta-detail"
                  >
                    <div
                      class="ant-card-meta-title"
                    >
                      $456.78
                    </div>
                  </div>
                </div>
              </div>
              <ul
                class="ant-card-actions"
              >
                <li
                  style="width: 50%;"
                >
                  <span>
                    <span
                      class="product-number"
                    >
                      #
                      4
                    </span>
                  </span>
                </li>
                <li
                  style="width: 50%;"
                >
                  <span>
                    <span
                      aria-label="star"
                      class="anticon anticon-star"
                      role="img"
                      tabindex="-1"
                    >
                      <svg
                        aria-hidden="true"
                        data-icon="star"
                        fill="currentColor"
                        focusable="false"
                        height="1em"
                        viewBox="64 64 896 896"
                        width="1em"
                      >
                        <path
                          d="M908.1 353.1l-253.9-36.9L540.7 86.1c-3.1-6.3-8.2-11.4-14.5-14.5-15.8-7.8-35-1.3-42.9 14.5L369.8 316.2l-253.9 36.9c-7 1-13.4 4.3-18.3 9.3a32.05 32.05 0 00.6 45.3l183.7 179.1-43.4 252.9a31.95 31.95 0 0046.4 33.7L512 754l227.1 119.4c6.2 3.3 13.4 4.4 20.3 3.2 17.4-3 29.1-19.5 26.1-36.9l-43.4-252.9 183.7-179.1c5-4.9 8.3-11.3 9.3-18.3 2.7-17.5-9.5-33.7-27-36.3zM664.8 561.6l36.1 210.3L512 672.7 323.1 772l36.1-210.3-152.8-149L417.6 382 512 190.7 606.4 382l211.2 30.7-152.8 148.9z"
                        />
                      </svg>
                    </span>
                  </span>
                </li>
              </ul>
            </div>
          </div>
          <div
            class="ant-col ant-col-sm-24 ant-col-md-8 css-dev-only-do-not-override-yp8pcc"
          >
            <div
              class="ant-card ant-card-bordered product-item css-dev-only-do-not-override-yp8pcc"
            >
              <div
                class="ant-card-cover"
              >
                <a
                  href="/567"
                >
                  <img
                    src="smartwatch.jpg"
                  />
                </a>
              </div>
              <div
                class="ant-card-body"
              >
                <div
                  class="ant-card-meta"
                >
                  <div
                    class="ant-card-meta-detail"
                  >
                    <div
                      class="ant-card-meta-title"
                    >
                      <div
                        class="product-title"
                      >
                        Smartwatch
                      </div>
                    </div>
                  </div>
                </div>
                <div
                  class="ant-card-meta"
                >
                  <div
                    class="ant-card-meta-detail"
                  >
                    <div
                      class="ant-card-meta-title"
                    >
                      $567.89
                    </div>
                  </div>
                </div>
              </div>
              <ul
                class="ant-card-actions"
              >
                <li
                  style="width: 50%;"
                >
                  <span>
                    <span
                      class="product-number"
                    >
                      #
                      5
                    </span>
                  </span>
                </li>
                <li
                  style="width: 50%;"
                >
                  <span>
                    <span
                      aria-label="star"
                      class="anticon anticon-star"
                      role="img"
                      tabindex="-1"
                    >
                      <svg
                        aria-hidden="true"
                        data-icon="star"
                        fill="currentColor"
                        focusable="false"
                        height="1em"
                        viewBox="64 64 896 896"
                        width="1em"
                      >
                        <path
                          d="M908.1 353.1l-253.9-36.9L540.7 86.1c-3.1-6.3-8.2-11.4-14.5-14.5-15.8-7.8-35-1.3-42.9 14.5L369.8 316.2l-253.9 36.9c-7 1-13.4 4.3-18.3 9.3a32.05 32.05 0 00.6 45.3l183.7 179.1-43.4 252.9a31.95 31.95 0 0046.4 33.7L512 754l227.1 119.4c6.2 3.3 13.4 4.4 20.3 3.2 17.4-3 29.1-19.5 26.1-36.9l-43.4-252.9 183.7-179.1c5-4.9 8.3-11.3 9.3-18.3 2.7-17.5-9.5-33.7-27-36.3zM664.8 561.6l36.1 210.3L512 672.7 323.1 772l36.1-210.3-152.8-149L417.6 382 512 190.7 606.4 382l211.2 30.7-152.8 148.9z"
                        />
                      </svg>
                    </span>
                  </span>
                </li>
              </ul>
            </div>
          </div>
          <div
            class="ant-col ant-col-sm-24 ant-col-md-8 css-dev-only-do-not-override-yp8pcc"
          >
            <div
              class="ant-card ant-card-bordered product-item css-dev-only-do-not-override-yp8pcc"
            >
              <div
                class="ant-card-cover"
              >
                <a
                  href="/678"
                >
                  <img
                    src="wireless-headphones.jpg"
                  />
                </a>
              </div>
              <div
                class="ant-card-body"
              >
                <div
                  class="ant-card-meta"
                >
                  <div
                    class="ant-card-meta-detail"
                  >
                    <div
                      class="ant-card-meta-title"
                    >
                      <div
                        class="product-title"
                      >
                        Wireless Headphones
                      </div>
                    </div>
                  </div>
                </div>
                <div
                  class="ant-card-meta"
                >
                  <div
                    class="ant-card-meta-detail"
                  >
                    <div
                      class="ant-card-meta-title"
                    >
                      $678.9
                    </div>
                  </div>
                </div>
              </div>
              <ul
                class="ant-card-actions"
              >
                <li
                  style="width: 50%;"
                >
                  <span>
                    <span
                      class="product-number"
                    >
                      #
                      6
                    </span>
                  </span>
                </li>
                <li
                  style="width: 50%;"
                >
                  <span>
                    <span
                      aria-label="star"
                      class="anticon anticon-star"
                      role="img"
                      tabindex="-1"
                    >
                      <svg
                        aria-hidden="true"
                        data-icon="star"
                        fill="currentColor"
                        focusable="false"
                        height="1em"
                        viewBox="64 64 896 896"
                        width="1em"
                      >
                        <path
                          d="M908.1 353.1l-253.9-36.9L540.7 86.1c-3.1-6.3-8.2-11.4-14.5-14.5-15.8-7.8-35-1.3-42.9 14.5L369.8 316.2l-253.9 36.9c-7 1-13.4 4.3-18.3 9.3a32.05 32.05 0 00.6 45.3l183.7 179.1-43.4 252.9a31.95 31.95 0 0046.4 33.7L512 754l227.1 119.4c6.2 3.3 13.4 4.4 20.3 3.2 17.4-3 29.1-19.5 26.1-36.9l-43.4-252.9 183.7-179.1c5-4.9 8.3-11.3 9.3-18.3 2.7-17.5-9.5-33.7-27-36.3zM664.8 561.6l36.1 210.3L512 672.7 323.1 772l36.1-210.3-152.8-149L417.6 382 512 190.7 606.4 382l211.2 30.7-152.8 148.9z"
                        />
                      </svg>
                    </span>
                  </span>
                </li>
              </ul>
            </div>
          </div>
        </div>
      </div>
    </div>
  </div>,
  "debug": [Function],
  "findAllByAltText": [Function],
  "findAllByDisplayValue": [Function],
  "findAllByLabelText": [Function],
  "findAllByPlaceholderText": [Function],
  "findAllByRole": [Function],
  "findAllByTestId": [Function],
  "findAllByText": [Function],
  "findAllByTitle": [Function],
  "findByAltText": [Function],
  "findByDisplayValue": [Function],
  "findByLabelText": [Function],
  "findByPlaceholderText": [Function],
  "findByRole": [Function],
  "findByTestId": [Function],
  "findByText": [Function],
  "findByTitle": [Function],
  "getAllByAltText": [Function],
  "getAllByDisplayValue": [Function],
  "getAllByLabelText": [Function],
  "getAllByPlaceholderText": [Function],
  "getAllByRole": [Function],
  "getAllByTestId": [Function],
  "getAllByText": [Function],
  "getAllByTitle": [Function],
  "getByAltText": [Function],
  "getByDisplayValue": [Function],
  "getByLabelText": [Function],
  "getByPlaceholderText": [Function],
  "getByRole": [Function],
  "getByTestId": [Function],
  "getByText": [Function],
  "getByTitle": [Function],
  "queryAllByAltText": [Function],
  "queryAllByDisplayValue": [Function],
  "queryAllByLabelText": [Function],
  "queryAllByPlaceholderText": [Function],
  "queryAllByRole": [Function],
  "queryAllByTestId": [Function],
  "queryAllByText": [Function],
  "queryAllByTitle": [Function],
  "queryByAltText": [Function],
  "queryByDisplayValue": [Function],
  "queryByLabelText": [Function],
  "queryByPlaceholderText": [Function],
  "queryByRole": [Function],
  "queryByTestId": [Function],
  "queryByText": [Function],
  "queryByTitle": [Function],
  "rerender": [Function],
  "unmount": [Function],
}
`;
